** Drc report for /mnt/c/Users/yello/Desktop/Batman/hat-v1/hardware/hat-v1/batman-hat.kicad_pcb **
** Created on 2026-09-29 00:03:20 **

** Found 239 DRC violations **
[silk_overlap]: Silkscreen overlap
    Rule: board setup constraints silk; Severity: warning
    @(147.9000 mm, 135.4000 mm): Reference 'C62'
    @(147.8100 mm, 137.7113 mm): Line on F.Silkscreen
[silk_overlap]: Silkscreen overlap
    Rule: board setup constraints silk; Severity: warning
    @(135.0000 mm, 146.4300 mm): Reference 'R20'
    @(133.0000 mm, 146.4300 mm): Reference 'R21'
[silk_overlap]: Silkscreen overlap
    Rule: board setup constraints silk; Severity: warning
    @(131.0000 mm, 146.4400 mm): Reference 'C29'
    @(133.0000 mm, 146.4300 mm): Reference 'R21'
[silk_overlap]: Silkscreen overlap
    Rule: board setup constraints silk; Severity: warning
    @(121.5000 mm, 139.6000 mm): Reference 'Q6'
    @(121.3464 mm, 139.9800 mm): Line on F.Silkscreen
[silk_overlap]: Silkscreen overlap
    Rule: board setup constraints silk; Severity: warning
    @(121.5000 mm, 139.6000 mm): Reference 'Q6'
    @(121.3464 mm, 139.2200 mm): Line on F.Silkscreen
[silk_overlap]: Silkscreen overlap
    Rule: board setup constraints silk; Severity: warning
    @(121.5000 mm, 143.5600 mm): Line on F.Silkscreen
    @(121.5000 mm, 143.2300 mm): Reference 'R11'
[silk_overlap]: Silkscreen overlap
    Rule: board setup constraints silk; Severity: warning
    @(121.5000 mm, 143.5600 mm): Line on F.Silkscreen
    @(121.5000 mm, 143.2300 mm): Reference 'R11'
[silk_overlap]: Silkscreen overlap
    Rule: board setup constraints silk; Severity: warning
    @(134.2800 mm, 152.3000 mm): Reference 'C23'
    @(133.7400 mm, 153.0122 mm): Line on F.Silkscreen
[silk_overlap]: Silkscreen overlap
    Rule: board setup constraints silk; Severity: warning
    @(132.2800 mm, 152.3000 mm): Reference 'C22'
    @(131.8650 mm, 152.0387 mm): Line on F.Silkscreen
[silk_overlap]: Silkscreen overlap
    Rule: board setup constraints silk; Severity: warning
    @(133.3000 mm, 150.4600 mm): Reference 'C32'
    @(135.3000 mm, 150.4700 mm): Reference 'R23'
[silk_overlap]: Silkscreen overlap
    Rule: board setup constraints silk; Severity: warning
    @(133.3000 mm, 150.4600 mm): Reference 'C32'
    @(134.2800 mm, 152.3000 mm): Reference 'C23'
[silk_overlap]: Silkscreen overlap
    Rule: board setup constraints silk; Severity: warning
    @(135.3000 mm, 150.4700 mm): Reference 'R23'
    @(136.6400 mm, 150.8000 mm): Reference 'C26'
[silk_overlap]: Silkscreen overlap
    Rule: board setup constraints silk; Severity: warning
    @(135.3000 mm, 150.4700 mm): Reference 'R23'
    @(136.0000 mm, 150.1000 mm): Reference 'U7'
[silk_overlap]: Silkscreen overlap
    Rule: board setup constraints silk; Severity: warning
    @(144.7350 mm, 152.5613 mm): Line on F.Silkscreen
    @(144.5200 mm, 152.3000 mm): Reference 'C28'
[silk_overlap]: Silkscreen overlap
    Rule: board setup constraints silk; Severity: warning
    @(125.7000 mm, 116.1300 mm): Reference 'D3'
    @(123.8000 mm, 115.4400 mm): Reference 'C17'
[silk_overlap]: Silkscreen overlap
    Rule: board setup constraints silk; Severity: warning
    @(125.7000 mm, 116.1300 mm): Reference 'D3'
    @(127.7000 mm, 116.1300 mm): Reference 'R18'
[silk_overlap]: Silkscreen overlap
    Rule: board setup constraints silk; Severity: warning
    @(127.5800 mm, 112.2000 mm): Reference 'C14'
    @(127.1650 mm, 111.9387 mm): Line on F.Silkscreen
[silk_overlap]: Silkscreen overlap
    Rule: board setup constraints silk; Severity: warning
    @(145.0500 mm, 137.0000 mm): Reference 'C60'
    @(145.2100 mm, 137.7113 mm): Line on F.Silkscreen
[silk_overlap]: Silkscreen overlap
    Rule: board setup constraints silk; Severity: warning
    @(136.6400 mm, 150.8000 mm): Reference 'C26'
    @(136.0000 mm, 150.1000 mm): Reference 'U7'
[silk_overlap]: Silkscreen overlap
    Rule: board setup constraints silk; Severity: warning
    @(135.2600 mm, 153.1200 mm): Reference 'C24'
    @(134.2800 mm, 152.3000 mm): Reference 'C23'
[silk_overlap]: Silkscreen overlap
    Rule: board setup constraints silk; Severity: warning
    @(135.2600 mm, 153.1200 mm): Reference 'C24'
    @(136.6500 mm, 153.4600 mm): Line on F.Silkscreen
[silk_overlap]: Silkscreen overlap
    Rule: board setup constraints silk; Severity: warning
    @(135.4536 mm, 149.6800 mm): Line on F.Silkscreen
    @(136.0000 mm, 150.1000 mm): Reference 'U7'
[silk_overlap]: Silkscreen overlap
    Rule: board setup constraints silk; Severity: warning
    @(135.3000 mm, 150.4700 mm): Reference 'R23'
    @(-0.7600 mm, -1.1600 mm): Polygon on F.Silkscreen
[silk_overlap]: Silkscreen overlap
    Rule: board setup constraints silk; Severity: warning
    @(136.6400 mm, 150.8000 mm): Reference 'C26'
    @(136.6500 mm, 151.1400 mm): Line on F.Silkscreen
[silk_overlap]: Silkscreen overlap
    Rule: board setup constraints silk; Severity: warning
    @(142.7540 mm, 154.4540 mm): Line on F.Silkscreen
    @(138.9600 mm, 153.1500 mm): Reference 'C25'
[silk_overlap]: Silkscreen overlap
    Rule: board setup constraints silk; Severity: warning
    @(150.9000 mm, 143.6000 mm): Reference 'FB1'
    @(149.8000 mm, 141.8000 mm): Reference 'JP1'
[silk_overlap]: Silkscreen overlap
    Rule: board setup constraints silk; Severity: warning
    @(150.9000 mm, 143.6000 mm): Reference 'FB1'
    @(151.3000 mm, 142.5000 mm): Arc on F.Silkscreen
[silk_overlap]: Silkscreen overlap
    Rule: board setup constraints silk; Severity: warning
    @(150.9000 mm, 143.6000 mm): Reference 'FB1'
    @(151.9000 mm, 143.2000 mm): Line on F.Silkscreen
[silk_overlap]: Silkscreen overlap
    Rule: board setup constraints silk; Severity: warning
    @(150.9000 mm, 143.6000 mm): Reference 'FB1'
    @(151.9000 mm, 142.5000 mm): Arc on F.Silkscreen
[silk_overlap]: Silkscreen overlap
    Rule: board setup constraints silk; Severity: warning
    @(112.9000 mm, 116.9400 mm): Reference 'C34'
    @(112.9250 mm, 117.1750 mm): Line on F.Silkscreen
[silk_overlap]: Silkscreen overlap
    Rule: board setup constraints silk; Severity: warning
    @(108.0000 mm, 109.8200 mm): Reference 'C19'
    @(110.7300 mm, 110.3400 mm): Line on F.Silkscreen
[silk_overlap]: Silkscreen overlap
    Rule: board setup constraints silk; Severity: warning
    @(113.4000 mm, 110.3000 mm): Reference 'U4'
    @(115.0000 mm, 111.1000 mm): Reference 'U3'
[silk_overlap]: Silkscreen overlap
    Rule: board setup constraints silk; Severity: warning
    @(109.2000 mm, 128.8400 mm): Reference 'C3'
    @(109.2000 mm, 128.5700 mm): Reference 'R7'
[silk_overlap]: Silkscreen overlap
    Rule: board setup constraints silk; Severity: warning
    @(109.2000 mm, 128.8400 mm): Reference 'C3'
    @(109.0464 mm, 128.3200 mm): Line on F.Silkscreen
[silk_overlap]: Silkscreen overlap
    Rule: board setup constraints silk; Severity: warning
    @(109.3536 mm, 127.7800 mm): Line on F.Silkscreen
    @(109.2000 mm, 127.5300 mm): Reference 'R5'
[silk_overlap]: Silkscreen overlap
    Rule: board setup constraints silk; Severity: warning
    @(109.2000 mm, 127.5300 mm): Reference 'R5'
    @(109.2000 mm, 128.5700 mm): Reference 'R7'
[silk_overlap]: Silkscreen overlap
    Rule: board setup constraints silk; Severity: warning
    @(109.0464 mm, 128.3200 mm): Line on F.Silkscreen
    @(109.2000 mm, 128.5700 mm): Reference 'R7'
[silk_overlap]: Silkscreen overlap
    Rule: board setup constraints silk; Severity: warning
    @(109.2000 mm, 127.5300 mm): Reference 'R5'
    @(109.3536 mm, 127.0200 mm): Line on F.Silkscreen
[silk_overlap]: Silkscreen overlap
    Rule: board setup constraints silk; Severity: warning
    @(113.6000 mm, 127.5100 mm): Line on F.Silkscreen
    @(114.4000 mm, 127.6200 mm): Reference 'C4'
[silk_overlap]: Silkscreen overlap
    Rule: board setup constraints silk; Severity: warning
    @(114.4000 mm, 127.6200 mm): Reference 'C4'
    @(113.6000 mm, 127.5100 mm): Line on F.Silkscreen
[silk_overlap]: Silkscreen overlap
    Rule: board setup constraints silk; Severity: warning
    @(119.7000 mm, 114.0800 mm): Reference 'C13'
    @(118.1400 mm, 113.3000 mm): Reference 'C12'
[silk_overlap]: Silkscreen overlap
    Rule: board setup constraints silk; Severity: warning
    @(119.5922 mm, 114.8800 mm): Line on F.Silkscreen
    @(119.7000 mm, 115.4300 mm): Reference 'R14'
[silk_overlap]: Silkscreen overlap
    Rule: board setup constraints silk; Severity: warning
    @(119.7000 mm, 115.4300 mm): Reference 'R14'
    @(119.5922 mm, 115.6000 mm): Line on F.Silkscreen
[silk_overlap]: Silkscreen overlap
    Rule: board setup constraints silk; Severity: warning
    @(119.1000 mm, 112.1000 mm): Reference 'L1'
    @(118.1400 mm, 113.3000 mm): Reference 'C12'
[silk_overlap]: Silkscreen overlap
    Rule: board setup constraints silk; Severity: warning
    @(112.9250 mm, 117.1750 mm): Line on F.Silkscreen
    @(116.9000 mm, 116.9300 mm): Reference 'R17'
[silk_overlap]: Silkscreen overlap
    Rule: board setup constraints silk; Severity: warning
    @(118.9300 mm, 152.0000 mm): Reference 'D2'
    @(118.9600 mm, 152.9078 mm): Line on F.Silkscreen
[silk_overlap]: Silkscreen overlap
    Rule: board setup constraints silk; Severity: warning
    @(120.1000 mm, 153.0900 mm): Circle on F.Silkscreen
    @(120.2700 mm, 152.8000 mm): Reference 'R8'
[silk_overlap]: Silkscreen overlap
    Rule: board setup constraints silk; Severity: warning
    @(117.6350 mm, 153.0613 mm): Line on F.Silkscreen
    @(117.4400 mm, 152.8000 mm): Reference 'C2'
[silk_overlap]: Silkscreen overlap
    Rule: board setup constraints silk; Severity: warning
    @(111.3500 mm, 152.8000 mm): Reference 'C33'
    @(111.8100 mm, 153.5113 mm): Line on F.Silkscreen
[silk_overlap]: Silkscreen overlap
    Rule: board setup constraints silk; Severity: warning
    @(115.2200 mm, 152.8000 mm): Reference 'C1'
    @(115.0100 mm, 153.5113 mm): Line on F.Silkscreen
[silk_overlap]: Silkscreen overlap
    Rule: board setup constraints silk; Severity: warning
    @(100.4900 mm, 136.6500 mm): Line on F.Silkscreen
    @(106.5000 mm, 137.0000 mm): Reference 'Q2'
[silk_overlap]: Silkscreen overlap
    Rule: board setup constraints silk; Severity: warning
    @(111.5000 mm, 132.4700 mm): Reference 'R3'
    @(110.8536 mm, 132.5200 mm): Line on F.Silkscreen
[silk_overlap]: Silkscreen overlap
    Rule: board setup constraints silk; Severity: warning
    @(104.1500 mm, 135.8000 mm): Reference 'D1'
    @(103.9000 mm, 135.6500 mm): Line on F.Silkscreen
[silk_overlap]: Silkscreen overlap
    Rule: board setup constraints silk; Severity: warning
    @(109.2000 mm, 128.8400 mm): Reference 'C3'
    @(109.0464 mm, 129.0800 mm): Line on F.Silkscreen
[silk_overlap]: Silkscreen overlap
    Rule: board setup constraints silk; Severity: warning
    @(109.2000 mm, 128.5700 mm): Reference 'R7'
    @(109.0464 mm, 129.0800 mm): Line on F.Silkscreen
[silk_overlap]: Silkscreen overlap
    Rule: board setup constraints silk; Severity: warning
    @(100.9700 mm, 129.1000 mm): Reference 'U1'
    @(101.3300 mm, 129.3078 mm): Line on F.Silkscreen
[silk_overlap]: Silkscreen overlap
    Rule: board setup constraints silk; Severity: warning
    @(100.9700 mm, 129.1000 mm): Reference 'U1'
    @(100.6100 mm, 129.3078 mm): Line on F.Silkscreen
[silk_overlap]: Silkscreen overlap
    Rule: board setup constraints silk; Severity: warning
    @(108.6350 mm, 153.0271 mm): Line on F.Silkscreen
    @(108.1500 mm, 152.8000 mm): Reference 'C8'
[silk_overlap]: Silkscreen overlap
    Rule: board setup constraints silk; Severity: warning
    @(123.1300 mm, 142.0000 mm): Reference 'R12'
    @(121.5000 mm, 143.2300 mm): Reference 'R11'
[silk_over_copper]: Silkscreen clipped by solder mask
    Local override; Severity: warning
    @(112.9000 mm, 116.9400 mm): Reference 'C34'
[silk_over_copper]: Silkscreen clipped by solder mask
    Local override; Severity: warning
    @(145.0500 mm, 137.0000 mm): Reference 'C60'
[silk_over_copper]: Silkscreen clipped by solder mask
    Local override; Severity: warning
    @(121.5000 mm, 139.6000 mm): Reference 'Q6'
[silk_over_copper]: Silkscreen clipped by solder mask
    Local override; Severity: warning
    @(118.9300 mm, 152.0000 mm): Reference 'D2'
[silk_over_copper]: Silkscreen clipped by solder mask
    Local override; Severity: warning
    @(142.3200 mm, 152.3000 mm): Reference 'C27'
[silk_over_copper]: Silkscreen clipped by solder mask
    Local override; Severity: warning
    @(135.2600 mm, 153.1200 mm): Reference 'C24'
[silk_over_copper]: Silkscreen clipped by solder mask
    Local override; Severity: warning
    @(109.2000 mm, 128.8400 mm): Reference 'C3'
[silk_over_copper]: Silkscreen clipped by solder mask
    Local override; Severity: warning
    @(119.7000 mm, 114.0800 mm): Reference 'C13'
[silk_over_copper]: Silkscreen clipped by solder mask
    Local override; Severity: warning
    @(111.5000 mm, 132.4700 mm): Reference 'R3'
[silk_over_copper]: Silkscreen clipped by solder mask
    Local override; Severity: warning
    @(119.1000 mm, 112.1000 mm): Reference 'L1'
[silk_over_copper]: Silkscreen clipped by solder mask
    Local override; Severity: warning
    @(109.3000 mm, 111.4000 mm): Reference 'Q3'
[silk_over_copper]: Silkscreen clipped by solder mask
    Local override; Severity: warning
    @(132.2800 mm, 152.3000 mm): Reference 'C22'
[silk_over_copper]: Silkscreen clipped by solder mask
    Local override; Severity: warning
    @(106.2500 mm, 152.8000 mm): Reference 'R19'
[silk_over_copper]: Silkscreen clipped by solder mask
    Local override; Severity: warning
    @(109.2000 mm, 128.5700 mm): Reference 'R7'
[silk_over_copper]: Silkscreen clipped by solder mask
    Local override; Severity: warning
    @(110.9600 mm, 144.0000 mm): Reference 'H5'
[silk_over_copper]: Silkscreen clipped by solder mask
    Local override; Severity: warning
    @(120.2700 mm, 152.8000 mm): Reference 'R8'
[silk_over_copper]: Silkscreen clipped by solder mask
    Local override; Severity: warning
    @(109.0700 mm, 113.3300 mm): Reference 'C11'
[silk_over_copper]: Silkscreen clipped by solder mask
    Local override; Severity: warning
    @(161.5000 mm, 148.8000 mm): Reference 'H4'
[silk_over_copper]: Silkscreen clipped by solder mask
    Local override; Severity: warning
    @(117.4400 mm, 152.8000 mm): Reference 'C2'
[silk_over_copper]: Silkscreen clipped by solder mask
    Local override; Severity: warning
    @(111.3500 mm, 152.8000 mm): Reference 'C33'
[silk_over_copper]: Silkscreen clipped by solder mask
    Local override; Severity: warning
    @(133.3000 mm, 150.4600 mm): Reference 'C32'
[silk_over_copper]: Silkscreen clipped by solder mask
    Local override; Severity: warning
    @(100.9700 mm, 129.1000 mm): Reference 'U1'
[silk_over_copper]: Silkscreen clipped by solder mask
    Local override; Severity: warning
    @(110.9600 mm, 119.8000 mm): Reference 'H6'
[silk_over_copper]: Silkscreen clipped by solder mask
    Local override; Severity: warning
    @(116.4400 mm, 126.3000 mm): Reference 'C5'
[silk_over_copper]: Silkscreen clipped by solder mask
    Local override; Severity: warning
    @(119.7000 mm, 115.4300 mm): Reference 'R14'
[silk_over_copper]: Silkscreen clipped by solder mask
    Local override; Severity: warning
    @(109.2000 mm, 127.5300 mm): Reference 'R5'
[silk_over_copper]: Silkscreen clipped by solder mask
    Local override; Severity: warning
    @(108.0000 mm, 109.8200 mm): Reference 'C19'
[silk_over_copper]: Silkscreen clipped by solder mask
    Local override; Severity: warning
    @(104.1500 mm, 135.8000 mm): Reference 'D1'
[silk_over_copper]: Silkscreen clipped by solder mask
    Local override; Severity: warning
    @(103.5000 mm, 148.8000 mm): Reference 'H3'
[silk_over_copper]: Silkscreen clipped by solder mask
    Local override; Severity: warning
    @(109.2000 mm, 132.4700 mm): Reference 'R4'
[silk_over_copper]: Silkscreen clipped by solder mask
    Local override; Severity: warning
    @(123.1300 mm, 142.0000 mm): Reference 'R12'
[silk_over_copper]: Silkscreen clipped by solder mask
    Local override; Severity: warning
    @(108.1500 mm, 152.8000 mm): Reference 'C8'
[silk_over_copper]: Silkscreen clipped by solder mask
    Local override; Severity: warning
    @(127.5800 mm, 112.2000 mm): Reference 'C14'
[silk_over_copper]: Silkscreen clipped by solder mask
    Local override; Severity: warning
    @(147.9000 mm, 135.4000 mm): Reference 'C62'
[silk_over_copper]: Silkscreen clipped by solder mask
    Local override; Severity: warning
    @(115.7700 mm, 108.6000 mm): Reference 'C18'
[silk_over_copper]: Silkscreen clipped by solder mask
    Local override; Severity: warning
    @(116.9000 mm, 116.9300 mm): Reference 'R17'
[silk_over_copper]: Silkscreen clipped by solder mask
    Local override; Severity: warning
    @(121.5000 mm, 143.2300 mm): Reference 'R11'
[silk_over_copper]: Silkscreen clipped by solder mask
    Local override; Severity: warning
    @(134.2800 mm, 152.3000 mm): Reference 'C23'
[silk_over_copper]: Silkscreen clipped by solder mask
    Local override; Severity: warning
    @(118.1400 mm, 113.3000 mm): Reference 'C12'
[silk_over_copper]: Silkscreen clipped by solder mask
    Local override; Severity: warning
    @(136.6400 mm, 150.8000 mm): Reference 'C26'
[silk_over_copper]: Silkscreen clipped by solder mask
    Local override; Severity: warning
    @(144.5200 mm, 152.3000 mm): Reference 'C28'
[silk_over_copper]: Silkscreen clipped by solder mask
    Local override; Severity: warning
    @(138.9600 mm, 153.1500 mm): Reference 'C25'
[silk_over_copper]: Silkscreen clipped by solder mask
    Local override; Severity: warning
    @(153.5000 mm, 105.9000 mm): Reference 'U14'
[silk_over_copper]: Silkscreen clipped by solder mask
    Local override; Severity: warning
    @(136.0000 mm, 150.1000 mm): Reference 'U7'
[item_on_disabled_layer]: Item on a disabled copper layer (layer In3.Cu)
    Local override; Severity: error
    @(100.0000 mm, 100.0000 mm): Rule Area on F.Cu and 31 more
[lib_footprint_issues]: The current configuration does not include the library ''.
    Local override; Severity: warning
    @(112.9000 mm, 118.1000 mm): Footprint C34
[lib_footprint_issues]: The current configuration does not include the library ''.
    Local override; Severity: warning
    @(140.6000 mm, 152.3000 mm): Footprint L2
[lib_footprint_issues]: The current configuration does not include the library ''.
    Local override; Severity: warning
    @(106.5000 mm, 134.6000 mm): Footprint Q2
[lib_footprint_issues]: The current configuration does not include the library ''.
    Local override; Severity: warning
    @(135.0000 mm, 147.6000 mm): Footprint R20
[lib_footprint_issues]: The current configuration does not include the library ''.
    Local override; Severity: warning
    @(146.9000 mm, 137.0000 mm): Footprint C60
[lib_footprint_issues]: The current configuration does not include the library ''.
    Local override; Severity: warning
    @(144.3000 mm, 137.0000 mm): Footprint C61
[lib_footprint_issues]: The current configuration does not include the library ''.
    Local override; Severity: warning
    @(121.5000 mm, 142.0000 mm): Footprint Q6
[lib_footprint_issues]: The current configuration does not include the library ''.
    Local override; Severity: warning
    @(121.9000 mm, 116.6000 mm): Footprint R13
[lib_footprint_issues]: The current configuration does not include the library ''.
    Local override; Severity: warning
    @(153.0000 mm, 123.0000 mm): Footprint C64
[lib_footprint_issues]: The current configuration does not include the library ''.
    Local override; Severity: warning
    @(159.0000 mm, 145.9000 mm): Footprint J3
[lib_footprint_issues]: The current configuration does not include the library ''.
    Local override; Severity: warning
    @(120.1000 mm, 152.0000 mm): Footprint D2
[lib_footprint_issues]: The current configuration does not include the library ''.
    Local override; Severity: warning
    @(131.0000 mm, 147.6000 mm): Footprint C29
[lib_footprint_issues]: The current configuration does not include the library ''.
    Local override; Severity: warning
    @(144.0000 mm, 152.3000 mm): Footprint C27
[lib_footprint_issues]: The current configuration does not include the library ''.
    Local override; Severity: warning
    @(127.7000 mm, 117.3000 mm): Footprint R18
[lib_footprint_issues]: The current configuration does not include the library ''.
    Local override; Severity: warning
    @(134.1000 mm, 153.1200 mm): Footprint C24
[lib_footprint_issues]: The current configuration does not include the library ''.
    Local override; Severity: warning
    @(125.7000 mm, 117.3000 mm): Footprint D3
[lib_footprint_issues]: The current configuration does not include the library ''.
    Local override; Severity: warning
    @(109.2000 mm, 130.0000 mm): Footprint C3
[lib_footprint_issues]: The current configuration does not include the library ''.
    Local override; Severity: warning
    @(119.7000 mm, 115.2400 mm): Footprint C13
[lib_footprint_issues]: The current configuration does not include the library ''.
    Local override; Severity: warning
    @(111.5000 mm, 131.3000 mm): Footprint R3
[lib_footprint_issues]: The current configuration does not include the library ''.
    Local override; Severity: warning
    @(122.1000 mm, 112.1000 mm): Footprint L1
[lib_footprint_issues]: The current configuration does not include the library ''.
    Local override; Severity: warning
    @(104.1500 mm, 143.9000 mm): Footprint J1
[lib_footprint_issues]: The current configuration does not include the library ''.
    Local override; Severity: warning
    @(109.3000 mm, 108.6000 mm): Footprint Q3
[lib_footprint_issues]: The current configuration does not include the library ''.
    Local override; Severity: warning
    @(130.6000 mm, 152.3000 mm): Footprint C22
[lib_footprint_issues]: The current configuration does not include the library ''.
    Local override; Severity: warning
    @(107.9000 mm, 152.8000 mm): Footprint R19
[lib_footprint_issues]: The current configuration does not include the library ''.
    Local override; Severity: warning
    @(127.9000 mm, 112.2000 mm): Footprint C15
[lib_footprint_issues]: The current configuration does not include the library ''.
    Local override; Severity: warning
    @(109.2000 mm, 127.4000 mm): Footprint R7
[lib_footprint_issues]: The current configuration does not include the library ''.
    Local override; Severity: warning
    @(110.9600 mm, 145.5000 mm): Footprint H5
[lib_footprint_issues]: The current configuration does not include the library ''.
    Local override; Severity: warning
    @(147.0000 mm, 147.0000 mm): Footprint R22
[lib_footprint_issues]: The current configuration does not include the library ''.
    Local override; Severity: warning
    @(121.7000 mm, 152.8000 mm): Footprint R8
[lib_footprint_issues]: The current configuration does not include the library ''.
    Local override; Severity: warning
    @(110.5000 mm, 113.3300 mm): Footprint C11
[lib_footprint_issues]: The current configuration does not include the library ''.
    Local override; Severity: warning
    @(113.6000 mm, 125.9000 mm): Footprint U2
[lib_footprint_issues]: The current configuration does not include the library ''.
    Local override; Severity: warning
    @(161.5000 mm, 152.5000 mm): Footprint H4
[lib_footprint_issues]: The current configuration does not include the library ''.
    Local override; Severity: warning
    @(105.9800 mm, 123.6000 mm): Footprint C6
[lib_footprint_issues]: The current configuration does not include the library ''.
    Local override; Severity: warning
    @(111.5000 mm, 128.1500 mm): Footprint R6
[lib_footprint_issues]: The current configuration does not include the library ''.
    Local override; Severity: warning
    @(118.6000 mm, 152.8000 mm): Footprint C2
[lib_footprint_issues]: The current configuration does not include the library ''.
    Local override; Severity: warning
    @(113.6500 mm, 152.8000 mm): Footprint C33
[lib_footprint_issues]: The current configuration does not include the library ''.
    Local override; Severity: warning
    @(143.6000 mm, 141.6000 mm): Footprint C30
[lib_footprint_issues]: The current configuration does not include the library ''.
    Local override; Severity: warning
    @(102.5500 mm, 123.6000 mm): Footprint R9
[lib_footprint_issues]: The current configuration does not include the library ''.
    Local override; Severity: warning
    @(122.4000 mm, 108.8500 mm): Footprint C16
[lib_footprint_issues]: The current configuration does not include the library ''.
    Local override; Severity: warning
    @(133.3000 mm, 149.3000 mm): Footprint C32
[lib_footprint_issues]: The current configuration does not include the library ''.
    Local override; Severity: warning
    @(113.4000 mm, 107.9000 mm): Footprint U4
[lib_footprint_issues]: The current configuration does not include the library ''.
    Local override; Severity: warning
    @(104.3000 mm, 129.1000 mm): Footprint U1
[lib_footprint_issues]: The current configuration does not include the library ''.
    Local override; Severity: warning
    @(110.9600 mm, 121.3000 mm): Footprint H6
[lib_footprint_issues]: The current configuration does not include the library ''.
    Local override; Severity: warning
    @(135.3000 mm, 149.3000 mm): Footprint R23
[lib_footprint_issues]: The current configuration does not include the library ''.
    Local override; Severity: warning
    @(100.9700 mm, 129.2000 mm): Footprint C9
[lib_footprint_issues]: The current configuration does not include the library ''.
    Local override; Severity: warning
    @(110.7000 mm, 132.9000 mm): Footprint R2
[lib_footprint_issues]: The current configuration does not include the library ''.
    Local override; Severity: warning
    @(117.6000 mm, 126.3000 mm): Footprint C5
[lib_footprint_issues]: The current configuration does not include the library ''.
    Local override; Severity: warning
    @(119.7000 mm, 116.6000 mm): Footprint R14
[lib_footprint_issues]: The current configuration does not include the library ''.
    Local override; Severity: warning
    @(109.2000 mm, 128.7000 mm): Footprint R5
[lib_footprint_issues]: The current configuration does not include the library ''.
    Local override; Severity: warning
    @(161.5000 mm, 103.5000 mm): Footprint H2
[lib_footprint_issues]: The current configuration does not include the library ''.
    Local override; Severity: warning
    @(162.0000 mm, 112.0000 mm): Footprint J4
[lib_footprint_issues]: The current configuration does not include the library ''.
    Local override; Severity: warning
    @(108.0000 mm, 111.5000 mm): Footprint C19
[lib_footprint_issues]: The current configuration does not include the library ''.
    Local override; Severity: warning
    @(142.6000 mm, 145.5000 mm): Footprint U8
[lib_footprint_issues]: The current configuration does not include the library ''.
    Local override; Severity: warning
    @(104.1500 mm, 138.8000 mm): Footprint D1
[lib_footprint_issues]: The current configuration does not include the library ''.
    Local override; Severity: warning
    @(103.5000 mm, 152.5000 mm): Footprint H3
[lib_footprint_issues]: The current configuration does not include the library ''.
    Local override; Severity: warning
    @(123.8000 mm, 116.6000 mm): Footprint C17
[lib_footprint_issues]: The current configuration does not include the library ''.
    Local override; Severity: warning
    @(112.6000 mm, 132.9000 mm): Footprint R1
[lib_footprint_issues]: The current configuration does not include the library ''.
    Local override; Severity: warning
    @(150.9000 mm, 145.5000 mm): Footprint FB1
[lib_footprint_issues]: The current configuration does not include the library ''.
    Local override; Severity: warning
    @(109.2000 mm, 131.3000 mm): Footprint R4
[lib_footprint_issues]: The current configuration does not include the library ''.
    Local override; Severity: warning
    @(103.5000 mm, 103.5000 mm): Footprint H1
[lib_footprint_issues]: The current configuration does not include the library ''.
    Local override; Severity: warning
    @(124.3000 mm, 142.0000 mm): Footprint R12
[lib_footprint_issues]: The current configuration does not include the library ''.
    Local override; Severity: warning
    @(110.4500 mm, 152.8000 mm): Footprint C8
[lib_footprint_issues]: The current configuration does not include the library ''.
    Local override; Severity: warning
    @(121.5000 mm, 139.6000 mm): Footprint R10
[lib_footprint_issues]: The current configuration does not include the library ''.
    Local override; Severity: warning
    @(125.9000 mm, 112.2000 mm): Footprint C14
[lib_footprint_issues]: The current configuration does not include the library ''.
    Local override; Severity: warning
    @(151.0000 mm, 135.4000 mm): Footprint C62
[lib_footprint_issues]: The current configuration does not include the library ''.
    Local override; Severity: warning
    @(115.0000 mm, 114.6000 mm): Footprint U3
[lib_footprint_issues]: The current configuration does not include the library ''.
    Local override; Severity: warning
    @(116.9000 mm, 152.8000 mm): Footprint C1
[lib_footprint_issues]: The current configuration does not include the library ''.
    Local override; Severity: warning
    @(117.2000 mm, 108.6000 mm): Footprint C18
[lib_footprint_issues]: The current configuration does not include the library ''.
    Local override; Severity: warning
    @(116.9000 mm, 118.1000 mm): Footprint R17
[lib_footprint_issues]: The current configuration does not include the library ''.
    Local override; Severity: warning
    @(121.5000 mm, 144.4000 mm): Footprint R11
[lib_footprint_issues]: The current configuration does not include the library ''.
    Local override; Severity: warning
    @(132.6000 mm, 152.3000 mm): Footprint C23
[lib_footprint_issues]: The current configuration does not include the library ''.
    Local override; Severity: warning
    @(119.3000 mm, 113.3000 mm): Footprint C12
[lib_footprint_issues]: The current configuration does not include the library ''.
    Local override; Severity: warning
    @(137.8000 mm, 150.8000 mm): Footprint C26
[lib_footprint_issues]: The current configuration does not include the library ''.
    Local override; Severity: warning
    @(146.2000 mm, 152.3000 mm): Footprint C28
[lib_footprint_issues]: The current configuration does not include the library ''.
    Local override; Severity: warning
    @(102.4000 mm, 133.9000 mm): Footprint Q1
[lib_footprint_issues]: The current configuration does not include the library ''.
    Local override; Severity: warning
    @(151.6000 mm, 141.8000 mm): Footprint JP1
[lib_footprint_issues]: The current configuration does not include the library ''.
    Local override; Severity: warning
    @(137.8000 mm, 153.1500 mm): Footprint C25
[lib_footprint_issues]: The current configuration does not include the library ''.
    Local override; Severity: warning
    @(153.5000 mm, 111.9000 mm): Footprint U14
[lib_footprint_issues]: The current configuration does not include the library ''.
    Local override; Severity: warning
    @(153.0000 mm, 129.0000 mm): Footprint C63
[lib_footprint_issues]: The current configuration does not include the library ''.
    Local override; Severity: warning
    @(147.0000 mm, 142.9000 mm): Footprint C31
[lib_footprint_issues]: The current configuration does not include the library ''.
    Local override; Severity: warning
    @(108.1000 mm, 116.0500 mm): Footprint C10
[lib_footprint_issues]: The current configuration does not include the library ''.
    Local override; Severity: warning
    @(133.0000 mm, 147.6000 mm): Footprint R21
[lib_footprint_issues]: The current configuration does not include the library ''.
    Local override; Severity: warning
    @(114.4000 mm, 129.3000 mm): Footprint C4
[lib_footprint_issues]: The current configuration does not include the library ''.
    Local override; Severity: warning
    @(136.0000 mm, 152.3000 mm): Footprint U7
[lib_footprint_issues]: The current configuration does not include the library ''.
    Local override; Severity: warning
    @(102.1000 mm, 122.6000 mm): Footprint TP24
[lib_footprint_issues]: The current configuration does not include the library ''.
    Local override; Severity: warning
    @(108.3700 mm, 104.7700 mm): Footprint J2
[silk_edge_clearance]: Silkscreen clipped by board edge
    Rule: board setup constraints silk; Severity: warning
    @(100.0000 mm, 153.5000 mm): Line on Edge.Cuts
    @(99.8100 mm, 129.2000 mm): Reference 'C9'
[silk_edge_clearance]: Silkscreen clipped by board edge
    Rule: board setup constraints silk; Severity: warning
    @(162.0000 mm, 103.0000 mm): Arc on Edge.Cuts
    @(161.5000 mm, 99.8000 mm): Reference 'H2'
[silk_edge_clearance]: Silkscreen clipped by board edge
    Rule: board setup constraints silk; Severity: warning
    @(103.0000 mm, 103.0000 mm): Arc on Edge.Cuts
    @(103.5000 mm, 99.8000 mm): Reference 'H1'
[silk_edge_clearance]: Silkscreen clipped by board edge
    Rule: board setup constraints silk; Severity: warning
    @(100.0000 mm, 153.5000 mm): Line on Edge.Cuts
    @(99.6000 mm, 133.9000 mm): Reference 'Q1'
[clearance]: Clearance violation (netclass 'PWR' clearance 0.2000 mm; actual 0.1904 mm)
    Rule: netclass 'PWR'; Severity: error
    @(142.5500 mm, 144.3000 mm): Track [3V3_SH] on F.Cu, length 0.1500 mm
    @(143.1000 mm, 143.3000 mm): Pad 7 [GND] of U8 on F.Cu
[clearance]: Clearance violation (netclass 'PWR' clearance 0.2000 mm; actual 0.1400 mm)
    Rule: netclass 'PWR'; Severity: error
    @(110.7400 mm, 108.2700 mm): Pad 3 [5V_BUCK] of Q3 on F.Cu
    @(110.7400 mm, 107.6300 mm): Pad 4 [G_5VID] of Q3 on F.Cu
[clearance]: Clearance violation (netclass 'PWR' clearance 0.2000 mm; actual 0.1400 mm)
    Rule: netclass 'PWR'; Severity: error
    @(102.7300 mm, 135.3400 mm): Pad 3 [VBAT_RAW] of Q1 on F.Cu
    @(103.3700 mm, 135.3400 mm): Pad 4 [EF_BGATE] of Q1 on F.Cu
[items_not_allowed]: Items not allowed (keepout area 'antenna_strip')
    Rule: keepout area 'antenna_strip'; Severity: error
    @(103.5000 mm, 103.5000 mm): NPTH pad of H1
[annular_width]: Annular width (board setup constraints min annular width 0.2500 mm; actual 0.1500 mm)
    Rule: board setup constraints; Severity: error
    @(159.4750 mm, 152.5000 mm): PTH pad 1 [GND] of H4
[annular_width]: Annular width (board setup constraints min annular width 0.2500 mm; actual 0.1500 mm)
    Rule: board setup constraints; Severity: error
    @(160.0681 mm, 151.0681 mm): PTH pad 1 [GND] of H4
[annular_width]: Annular width (board setup constraints min annular width 0.2500 mm; actual 0.1500 mm)
    Rule: board setup constraints; Severity: error
    @(160.0681 mm, 153.9319 mm): PTH pad 1 [GND] of H4
[annular_width]: Annular width (board setup constraints min annular width 0.2500 mm; actual 0.1500 mm)
    Rule: board setup constraints; Severity: error
    @(161.5000 mm, 150.4750 mm): PTH pad 1 [GND] of H4
[annular_width]: Annular width (board setup constraints min annular width 0.2500 mm; actual 0.1500 mm)
    Rule: board setup constraints; Severity: error
    @(161.5000 mm, 154.5250 mm): PTH pad 1 [GND] of H4
[annular_width]: Annular width (board setup constraints min annular width 0.2500 mm; actual 0.1500 mm)
    Rule: board setup constraints; Severity: error
    @(162.9319 mm, 151.0681 mm): PTH pad 1 [GND] of H4
[annular_width]: Annular width (board setup constraints min annular width 0.2500 mm; actual 0.1500 mm)
    Rule: board setup constraints; Severity: error
    @(162.9319 mm, 153.9319 mm): PTH pad 1 [GND] of H4
[annular_width]: Annular width (board setup constraints min annular width 0.2500 mm; actual 0.1500 mm)
    Rule: board setup constraints; Severity: error
    @(163.5250 mm, 152.5000 mm): PTH pad 1 [GND] of H4
[annular_width]: Annular width (board setup constraints min annular width 0.2500 mm; actual 0.1500 mm)
    Rule: board setup constraints; Severity: error
    @(103.2000 mm, 130.2000 mm): PTH pad 25 [GND] of U1
[annular_width]: Annular width (board setup constraints min annular width 0.2500 mm; actual 0.1500 mm)
    Rule: board setup constraints; Severity: error
    @(104.3000 mm, 130.2000 mm): PTH pad 25 [GND] of U1
[annular_width]: Annular width (board setup constraints min annular width 0.2500 mm; actual 0.1500 mm)
    Rule: board setup constraints; Severity: error
    @(105.4000 mm, 130.2000 mm): PTH pad 25 [GND] of U1
[annular_width]: Annular width (board setup constraints min annular width 0.2500 mm; actual 0.1500 mm)
    Rule: board setup constraints; Severity: error
    @(103.2000 mm, 129.1000 mm): PTH pad 25 [GND] of U1
[annular_width]: Annular width (board setup constraints min annular width 0.2500 mm; actual 0.1500 mm)
    Rule: board setup constraints; Severity: error
    @(104.3000 mm, 129.1000 mm): PTH pad 25 [GND] of U1
[annular_width]: Annular width (board setup constraints min annular width 0.2500 mm; actual 0.1500 mm)
    Rule: board setup constraints; Severity: error
    @(105.4000 mm, 129.1000 mm): PTH pad 25 [GND] of U1
[annular_width]: Annular width (board setup constraints min annular width 0.2500 mm; actual 0.1500 mm)
    Rule: board setup constraints; Severity: error
    @(103.2000 mm, 128.0000 mm): PTH pad 25 [GND] of U1
[annular_width]: Annular width (board setup constraints min annular width 0.2500 mm; actual 0.1500 mm)
    Rule: board setup constraints; Severity: error
    @(104.3000 mm, 128.0000 mm): PTH pad 25 [GND] of U1
[annular_width]: Annular width (board setup constraints min annular width 0.2500 mm; actual 0.1500 mm)
    Rule: board setup constraints; Severity: error
    @(105.4000 mm, 128.0000 mm): PTH pad 25 [GND] of U1
[annular_width]: Annular width (board setup constraints min annular width 0.2500 mm; actual 0.1500 mm)
    Rule: board setup constraints; Severity: error
    @(159.4750 mm, 103.5000 mm): PTH pad 1 [GND] of H2
[annular_width]: Annular width (board setup constraints min annular width 0.2500 mm; actual 0.1500 mm)
    Rule: board setup constraints; Severity: error
    @(160.0681 mm, 102.0681 mm): PTH pad 1 [GND] of H2
[annular_width]: Annular width (board setup constraints min annular width 0.2500 mm; actual 0.1500 mm)
    Rule: board setup constraints; Severity: error
    @(160.0681 mm, 104.9319 mm): PTH pad 1 [GND] of H2
[annular_width]: Annular width (board setup constraints min annular width 0.2500 mm; actual 0.1500 mm)
    Rule: board setup constraints; Severity: error
    @(161.5000 mm, 101.4750 mm): PTH pad 1 [GND] of H2
[annular_width]: Annular width (board setup constraints min annular width 0.2500 mm; actual 0.1500 mm)
    Rule: board setup constraints; Severity: error
    @(161.5000 mm, 105.5250 mm): PTH pad 1 [GND] of H2
[annular_width]: Annular width (board setup constraints min annular width 0.2500 mm; actual 0.1500 mm)
    Rule: board setup constraints; Severity: error
    @(162.9319 mm, 102.0681 mm): PTH pad 1 [GND] of H2
[annular_width]: Annular width (board setup constraints min annular width 0.2500 mm; actual 0.1500 mm)
    Rule: board setup constraints; Severity: error
    @(162.9319 mm, 104.9319 mm): PTH pad 1 [GND] of H2
[annular_width]: Annular width (board setup constraints min annular width 0.2500 mm; actual 0.1500 mm)
    Rule: board setup constraints; Severity: error
    @(163.5250 mm, 103.5000 mm): PTH pad 1 [GND] of H2
[annular_width]: Annular width (board setup constraints min annular width 0.2500 mm; actual 0.1500 mm)
    Rule: board setup constraints; Severity: error
    @(101.4750 mm, 152.5000 mm): PTH pad 1 [GND] of H3
[annular_width]: Annular width (board setup constraints min annular width 0.2500 mm; actual 0.1500 mm)
    Rule: board setup constraints; Severity: error
    @(102.0681 mm, 151.0681 mm): PTH pad 1 [GND] of H3
[annular_width]: Annular width (board setup constraints min annular width 0.2500 mm; actual 0.1500 mm)
    Rule: board setup constraints; Severity: error
    @(102.0681 mm, 153.9319 mm): PTH pad 1 [GND] of H3
[annular_width]: Annular width (board setup constraints min annular width 0.2500 mm; actual 0.1500 mm)
    Rule: board setup constraints; Severity: error
    @(103.5000 mm, 150.4750 mm): PTH pad 1 [GND] of H3
[annular_width]: Annular width (board setup constraints min annular width 0.2500 mm; actual 0.1500 mm)
    Rule: board setup constraints; Severity: error
    @(103.5000 mm, 154.5250 mm): PTH pad 1 [GND] of H3
[annular_width]: Annular width (board setup constraints min annular width 0.2500 mm; actual 0.1500 mm)
    Rule: board setup constraints; Severity: error
    @(104.9319 mm, 151.0681 mm): PTH pad 1 [GND] of H3
[annular_width]: Annular width (board setup constraints min annular width 0.2500 mm; actual 0.1500 mm)
    Rule: board setup constraints; Severity: error
    @(104.9319 mm, 153.9319 mm): PTH pad 1 [GND] of H3
[annular_width]: Annular width (board setup constraints min annular width 0.2500 mm; actual 0.1500 mm)
    Rule: board setup constraints; Severity: error
    @(105.5250 mm, 152.5000 mm): PTH pad 1 [GND] of H3
[annular_width]: Annular width (board setup constraints min annular width 0.2500 mm; actual 0.1500 mm)
    Rule: board setup constraints; Severity: error
    @(114.3500 mm, 112.6500 mm): PTH pad 9 [GND] of U3
[annular_width]: Annular width (board setup constraints min annular width 0.2500 mm; actual 0.1500 mm)
    Rule: board setup constraints; Severity: error
    @(114.3500 mm, 113.9500 mm): PTH pad 9 [GND] of U3
[annular_width]: Annular width (board setup constraints min annular width 0.2500 mm; actual 0.1500 mm)
    Rule: board setup constraints; Severity: error
    @(114.3500 mm, 115.2500 mm): PTH pad 9 [GND] of U3
[annular_width]: Annular width (board setup constraints min annular width 0.2500 mm; actual 0.1500 mm)
    Rule: board setup constraints; Severity: error
    @(114.3500 mm, 116.5500 mm): PTH pad 9 [GND] of U3
[annular_width]: Annular width (board setup constraints min annular width 0.2500 mm; actual 0.1500 mm)
    Rule: board setup constraints; Severity: error
    @(115.6500 mm, 112.6500 mm): PTH pad 9 [GND] of U3
[annular_width]: Annular width (board setup constraints min annular width 0.2500 mm; actual 0.1500 mm)
    Rule: board setup constraints; Severity: error
    @(115.6500 mm, 113.9500 mm): PTH pad 9 [GND] of U3
[annular_width]: Annular width (board setup constraints min annular width 0.2500 mm; actual 0.1500 mm)
    Rule: board setup constraints; Severity: error
    @(115.6500 mm, 115.2500 mm): PTH pad 9 [GND] of U3
[annular_width]: Annular width (board setup constraints min annular width 0.2500 mm; actual 0.1500 mm)
    Rule: board setup constraints; Severity: error
    @(115.6500 mm, 116.5500 mm): PTH pad 9 [GND] of U3

** Found 69 unconnected pads **
[unconnected_items]: Missing connection between items
    Local override; Severity: error
    @(111.4000 mm, 124.9000 mm): Pad 1 [GND] of U2 on F.Cu
    @(111.4000 mm, 125.4000 mm): Pad 2 [GND] of U2 on F.Cu
[unconnected_items]: Missing connection between items
    Local override; Severity: error
    @(163.1000 mm, 130.8000 mm): Pad 29 [GND] of J3 on F.Cu
    @(163.1000 mm, 131.6000 mm): Pad 27 [GND] of J3 on F.Cu
[unconnected_items]: Missing connection between items
    Local override; Severity: error
    @(163.1000 mm, 127.6000 mm): Pad 37 [GND] of J3 on F.Cu
    @(163.1000 mm, 128.4000 mm): Pad 35 [GND] of J3 on F.Cu
[unconnected_items]: Missing connection between items
    Local override; Severity: error
    @(106.2625 mm, 129.8500 mm): Pad 8 [GND] of U1 on F.Cu
    @(105.4000 mm, 130.2000 mm): PTH pad 25 [GND] of U1
[unconnected_items]: Missing connection between items
    Local override; Severity: error
    @(106.2625 mm, 128.3500 mm): Pad 11 [GND] of U1 on F.Cu
    @(105.4000 mm, 128.0000 mm): PTH pad 25 [GND] of U1
[unconnected_items]: Missing connection between items
    Local override; Severity: error
    @(117.6000 mm, 125.8200 mm): Pad 2 [GND] of C5 on F.Cu
    @(115.8000 mm, 126.4000 mm): Pad 7 [GND] of U2 on F.Cu
[unconnected_items]: Missing connection between items
    Local override; Severity: error
    @(154.9000 mm, 122.4000 mm): Pad 50 [GND] of J3 on F.Cu
    @(153.0000 mm, 122.5200 mm): Pad 2 [GND] of C64 on F.Cu
[unconnected_items]: Missing connection between items
    Local override; Severity: error
    @(154.9000 mm, 128.8000 mm): Pad 34 [GND] of J3 on F.Cu
    @(153.0000 mm, 128.5200 mm): Pad 2 [GND] of C63 on F.Cu
[unconnected_items]: Missing connection between items
    Local override; Severity: error
    @(143.1000 mm, 143.3000 mm): Pad 7 [GND] of U8 on F.Cu
    @(144.0800 mm, 141.6000 mm): Pad 2 [GND] of C30 on F.Cu
[unconnected_items]: Missing connection between items
    Local override; Severity: error
    @(120.5625 mm, 142.9500 mm): Pad 2 [GND] of Q6 on F.Cu
    @(122.0100 mm, 144.4000 mm): Pad 2 [GND] of R11 on F.Cu
[unconnected_items]: Missing connection between items
    Local override; Severity: error
    @(158.2500 mm, 114.1000 mm): Pad 12 [GND] of U14 on F.Cu
    @(158.2500 mm, 116.3000 mm): Pad 10 [GND] of U14 on F.Cu
[unconnected_items]: Missing connection between items
    Local override; Severity: error
    @(154.9000 mm, 126.4000 mm): Pad 40 [GND] of J3 on F.Cu
    @(153.0000 mm, 127.7700 mm): Via [GND] on F.Cu - B.Cu
[unconnected_items]: Missing connection between items
    Local override; Severity: error
    @(163.1000 mm, 131.6000 mm): Pad 27 [GND] of J3 on F.Cu
    @(163.1000 mm, 134.0000 mm): Pad 21 [GND] of J3 on F.Cu
[unconnected_items]: Missing connection between items
    Local override; Severity: error
    @(163.1000 mm, 142.0000 mm): Pad 9 [GND] of J3 on F.Cu
    @(163.1000 mm, 139.6000 mm): Pad 15 [GND] of J3 on F.Cu
[unconnected_items]: Missing connection between items
    Local override; Severity: error
    @(163.1000 mm, 127.6000 mm): Pad 37 [GND] of J3 on F.Cu
    @(163.1000 mm, 125.2000 mm): Pad 43 [GND] of J3 on F.Cu
[unconnected_items]: Missing connection between items
    Local override; Severity: error
    @(163.1000 mm, 128.4000 mm): Pad 35 [GND] of J3 on F.Cu
    @(163.1000 mm, 130.8000 mm): Pad 29 [GND] of J3 on F.Cu
[unconnected_items]: Missing connection between items
    Local override; Severity: error
    @(162.5000 mm, 148.0500 mm): Pad 53 [GND] of J3 on F.Cu
    @(161.5000 mm, 150.4750 mm): PTH pad 1 [GND] of H4
[unconnected_items]: Missing connection between items
    Local override; Severity: error
    @(162.4750 mm, 110.5250 mm): Pad 2 [GND] of J4 on F.Cu
    @(162.4750 mm, 113.4750 mm): Pad 2 [GND] of J4 on F.Cu
[unconnected_items]: Missing connection between items
    Local override; Severity: error
    @(108.6900 mm, 126.6000 mm): Via [GND] on F.Cu - B.Cu
    @(111.4000 mm, 125.4000 mm): Pad 2 [GND] of U2 on F.Cu
[unconnected_items]: Missing connection between items
    Local override; Severity: error
    @(154.9000 mm, 135.2000 mm): Pad 18 [GND] of J3 on F.Cu
    @(154.9000 mm, 132.0000 mm): Pad 26 [GND] of J3 on F.Cu
[unconnected_items]: Missing connection between items
    Local override; Severity: error
    @(154.9000 mm, 128.8000 mm): Pad 34 [GND] of J3 on F.Cu
    @(154.9000 mm, 132.0000 mm): Pad 26 [GND] of J3 on F.Cu
[unconnected_items]: Missing connection between items
    Local override; Severity: error
    @(113.6500 mm, 151.3250 mm): Pad 2 [GND] of C33 on F.Cu
    @(110.4500 mm, 151.3250 mm): Pad 2 [GND] of C8 on F.Cu
[unconnected_items]: Missing connection between items
    Local override; Severity: error
    @(143.1500 mm, 150.5000 mm): Via [GND] on F.Cu - B.Cu
    @(141.6000 mm, 147.7000 mm): Pad 1 [GND] of U8 on F.Cu
[unconnected_items]: Missing connection between items
    Local override; Severity: error
    @(125.9000 mm, 114.1500 mm): Via [GND] on F.Cu - B.Cu
    @(125.2150 mm, 117.3000 mm): Pad 1 [GND] of D3 on F.Cu
[unconnected_items]: Missing connection between items
    Local override; Severity: error
    @(113.6500 mm, 151.3250 mm): Pad 2 [GND] of C33 on F.Cu
    @(116.9000 mm, 151.3500 mm): Track [GND] on F.Cu, length 0.1500 mm
[unconnected_items]: Missing connection between items
    Local override; Severity: error
    @(108.5050 mm, 123.6000 mm): Via [GND] on F.Cu - B.Cu
    @(110.9600 mm, 121.3000 mm): Pad 1 [GND] of H6 on F.Cu
[unconnected_items]: Missing connection between items
    Local override; Severity: error
    @(162.4750 mm, 113.4750 mm): Pad 2 [GND] of J4 on F.Cu
    @(158.2500 mm, 114.1000 mm): Pad 12 [GND] of U14 on F.Cu
[unconnected_items]: Missing connection between items
    Local override; Severity: error
    @(110.9600 mm, 145.5000 mm): Pad 1 [GND] of H5 on F.Cu
    @(106.6500 mm, 143.9000 mm): Pad 2 [GND] of J1 on F.Cu
[unconnected_items]: Missing connection between items
    Local override; Severity: error
    @(158.2500 mm, 116.3000 mm): Pad 10 [GND] of U14 on F.Cu
    @(162.5000 mm, 118.7500 mm): Pad 54 [GND] of J3 on F.Cu
[unconnected_items]: Missing connection between items
    Local override; Severity: error
    @(162.4750 mm, 110.5250 mm): Pad 2 [GND] of J4 on F.Cu
    @(161.5000 mm, 105.5250 mm): PTH pad 1 [GND] of H2
[unconnected_items]: Missing connection between items
    Local override; Severity: error
    @(106.6500 mm, 143.9000 mm): Pad 2 [GND] of J1 on F.Cu
    @(106.3000 mm, 138.8000 mm): Pad 2 [GND] of D1 on F.Cu
[unconnected_items]: Missing connection between items
    Local override; Severity: error
    @(148.7500 mm, 107.5000 mm): Pad 1 [GND] of U14 on F.Cu
    @(149.0100 mm, 102.2300 mm): PTH pad 34 [GND] of J2
[unconnected_items]: Missing connection between items
    Local override; Severity: error
    @(163.1000 mm, 134.0000 mm): Pad 21 [GND] of J3 on F.Cu
    @(163.1000 mm, 139.6000 mm): Pad 15 [GND] of J3 on F.Cu
[unconnected_items]: Missing connection between items
    Local override; Severity: error
    @(162.5000 mm, 148.0500 mm): Pad 53 [GND] of J3 on F.Cu
    @(163.1000 mm, 142.0000 mm): Pad 9 [GND] of J3 on F.Cu
[unconnected_items]: Missing connection between items
    Local override; Severity: error
    @(154.9000 mm, 144.0000 mm): Pad 4 [GND] of J3 on F.Cu
    @(148.6750 mm, 142.9000 mm): Via [GND] on F.Cu - B.Cu
[unconnected_items]: Missing connection between items
    Local override; Severity: error
    @(118.6000 mm, 151.5700 mm): Via [GND] on F.Cu - B.Cu
    @(122.0100 mm, 144.4000 mm): Pad 2 [GND] of R11 on F.Cu
[unconnected_items]: Missing connection between items
    Local override; Severity: error
    @(120.1000 mm, 151.5150 mm): Pad 2 [LED_FLT_A] of D2 on F.Cu
    @(121.7000 mm, 151.9750 mm): Pad 2 [LED_FLT_A] of R8 on F.Cu
[unconnected_items]: Missing connection between items
    Local override; Severity: error
    @(133.7700 mm, 102.2300 mm): PTH pad 22 [INA_ALERT_N] of J2
    @(111.4000 mm, 125.9000 mm): Pad 3 [INA_ALERT_N] of U2 on F.Cu
[unconnected_items]: Missing connection between items
    Local override; Severity: error
    @(111.4000 mm, 125.9000 mm): Pad 3 [INA_ALERT_N] of U2 on F.Cu
    @(142.6000 mm, 147.7000 mm): Pad 3 [INA_ALERT_N] of U8 on F.Cu
[unconnected_items]: Missing connection between items
    Local override; Severity: error
    @(110.9100 mm, 104.7700 mm): PTH pad 3 [I2C1_SDA] of J2
    @(111.4000 mm, 126.4000 mm): Pad 4 [I2C1_SDA] of U2 on F.Cu
[unconnected_items]: Missing connection between items
    Local override; Severity: error
    @(111.4000 mm, 126.4000 mm): Pad 4 [I2C1_SDA] of U2 on F.Cu
    @(143.1000 mm, 147.7000 mm): Pad 4 [I2C1_SDA] of U8 on F.Cu
[unconnected_items]: Missing connection between items
    Local override; Severity: error
    @(113.4500 mm, 104.7700 mm): PTH pad 5 [I2C1_SCL] of J2
    @(111.4000 mm, 126.9000 mm): Pad 5 [I2C1_SCL] of U2 on F.Cu
[unconnected_items]: Missing connection between items
    Local override; Severity: error
    @(111.4000 mm, 126.9000 mm): Pad 5 [I2C1_SCL] of U2 on F.Cu
    @(143.6000 mm, 147.7000 mm): Pad 5 [I2C1_SCL] of U8 on F.Cu
[unconnected_items]: Missing connection between items
    Local override; Severity: error
    @(143.6000 mm, 143.3000 mm): Pad 6 [3V3_PI] of U8 on F.Cu
    @(143.1200 mm, 141.6000 mm): Pad 1 [3V3_PI] of C30 on F.Cu
[unconnected_items]: Missing connection between items
    Local override; Severity: error
    @(117.6000 mm, 126.7800 mm): Pad 1 [3V3_PI] of C5 on F.Cu
    @(115.8000 mm, 126.9000 mm): Pad 6 [3V3_PI] of U2 on F.Cu
[unconnected_items]: Missing connection between items
    Local override; Severity: error
    @(142.1000 mm, 147.7000 mm): Pad 2 [3V3_PI] of U8 on F.Cu
    @(143.6000 mm, 143.3000 mm): Pad 6 [3V3_PI] of U8 on F.Cu
[unconnected_items]: Missing connection between items
    Local override; Severity: error
    @(135.8100 mm, 149.3000 mm): Pad 1 [3V3_PI] of R23 on F.Cu
    @(142.1000 mm, 147.7000 mm): Pad 2 [3V3_PI] of U8 on F.Cu
[unconnected_items]: Missing connection between items
    Local override; Severity: error
    @(124.3000 mm, 141.4900 mm): Pad 2 [3V3_PI] of R12 on F.Cu
    @(135.8100 mm, 149.3000 mm): Pad 1 [3V3_PI] of R23 on F.Cu
[unconnected_items]: Missing connection between items
    Local override; Severity: error
    @(117.6000 mm, 126.7800 mm): Pad 1 [3V3_PI] of C5 on F.Cu
    @(124.3000 mm, 141.4900 mm): Pad 2 [3V3_PI] of R12 on F.Cu
[unconnected_items]: Missing connection between items
    Local override; Severity: error
    @(128.6900 mm, 104.7700 mm): PTH pad 17 [3V3_PI] of J2
    @(108.3700 mm, 104.7700 mm): PTH pad 1 [3V3_PI] of J2
[unconnected_items]: Missing connection between items
    Local override; Severity: error
    @(108.3700 mm, 104.7700 mm): PTH pad 1 [3V3_PI] of J2
    @(115.8000 mm, 126.9000 mm): Pad 6 [3V3_PI] of U2 on F.Cu
[unconnected_items]: Missing connection between items
    Local override; Severity: error
    @(122.0100 mm, 139.6000 mm): Pad 2 [BATP_G] of R10 on F.Cu
    @(120.5625 mm, 141.0500 mm): Pad 1 [BATP_G] of Q6 on F.Cu
[unconnected_items]: Missing connection between items
    Local override; Severity: error
    @(120.5625 mm, 141.0500 mm): Pad 1 [BATP_G] of Q6 on F.Cu
    @(120.9900 mm, 144.4000 mm): Pad 1 [BATP_G] of R11 on F.Cu
[unconnected_items]: Missing connection between items
    Local override; Severity: error
    @(122.4375 mm, 142.0000 mm): Pad 3 [BAT_PRESENT_N] of Q6 on F.Cu
    @(124.3000 mm, 142.5100 mm): Pad 1 [BAT_PRESENT_N] of R12 on F.Cu
[unconnected_items]: Missing connection between items
    Local override; Severity: error
    @(115.9900 mm, 104.7700 mm): PTH pad 7 [BAT_PRESENT_N] of J2
    @(122.4375 mm, 142.0000 mm): Pad 3 [BAT_PRESENT_N] of Q6 on F.Cu
[unconnected_items]: Missing connection between items
    Local override; Severity: error
    @(126.1850 mm, 117.3000 mm): Pad 2 [LED_5V_A] of D3 on F.Cu
    @(128.2100 mm, 117.3000 mm): Pad 2 [LED_5V_A] of R18 on F.Cu
[unconnected_items]: Missing connection between items
    Local override; Severity: error
    @(121.0700 mm, 104.7700 mm): PTH pad 11 [HALOW_RESET_N] of J2
    @(154.9000 mm, 133.6000 mm): Pad 22 [HALOW_RESET_N] of J3 on F.Cu
[unconnected_items]: Missing connection between items
    Local override; Severity: error
    @(126.1500 mm, 102.2300 mm): PTH pad 16 [HALOW_WAKE] of J2
    @(163.1000 mm, 129.2000 mm): Pad 33 [HALOW_WAKE] of J3 on F.Cu
[unconnected_items]: Missing connection between items
    Local override; Severity: error
    @(128.6900 mm, 102.2300 mm): PTH pad 18 [HALOW_BUSY] of J2
    @(163.1000 mm, 130.0000 mm): Pad 31 [HALOW_BUSY] of J3 on F.Cu
[unconnected_items]: Missing connection between items
    Local override; Severity: error
    @(131.2300 mm, 104.7700 mm): PTH pad 19 [SPI0_MOSI] of J2
    @(163.1000 mm, 122.8000 mm): Pad 49 [SPI0_MOSI] of J3 on F.Cu
[unconnected_items]: Missing connection between items
    Local override; Severity: error
    @(133.7700 mm, 104.7700 mm): PTH pad 21 [SPI0_MISO] of J2
    @(163.1000 mm, 123.6000 mm): Pad 47 [SPI0_MISO] of J3 on F.Cu
[unconnected_items]: Missing connection between items
    Local override; Severity: error
    @(136.3100 mm, 104.7700 mm): PTH pad 23 [SPI0_SCLK] of J2
    @(163.1000 mm, 124.4000 mm): Pad 45 [SPI0_SCLK] of J3 on F.Cu
[unconnected_items]: Missing connection between items
    Local override; Severity: error
    @(136.3100 mm, 102.2300 mm): PTH pad 24 [SPI0_CE0] of J2
    @(163.1000 mm, 122.0000 mm): Pad 51 [SPI0_CE0] of J3 on F.Cu
[unconnected_items]: Missing connection between items
    Local override; Severity: error
    @(143.9300 mm, 104.7700 mm): PTH pad 29 [HALOW_IRQ] of J2
    @(154.9000 mm, 141.6000 mm): Pad 10 [HALOW_IRQ] of J3 on F.Cu
[unconnected_items]: Missing connection between items
    Local override; Severity: error
    @(146.4700 mm, 104.7700 mm): PTH pad 31 [GNSS_PPS] of J2
    @(148.7500 mm, 110.8000 mm): Pad 4 [GNSS_PPS] of U14 on F.Cu
[unconnected_items]: Missing connection between items
    Local override; Severity: error
    @(146.4700 mm, 102.2300 mm): PTH pad 32 [UART5_TX] of J2
    @(148.7500 mm, 109.7000 mm): Pad 3 [UART5_TX] of U14 on F.Cu
[unconnected_items]: Missing connection between items
    Local override; Severity: error
    @(148.7500 mm, 108.6000 mm): Pad 2 [UART5_RX] of U14 on F.Cu
    @(149.0100 mm, 104.7700 mm): PTH pad 33 [UART5_RX] of J2
[unconnected_items]: Missing connection between items
    Local override; Severity: error
    @(148.7500 mm, 113.0000 mm): Pad 6 [3V3_GNSS] of U14 on F.Cu
    @(148.7500 mm, 114.1000 mm): Pad 7 [3V3_GNSS] of U14 on F.Cu
[unconnected_items]: Missing connection between items
    Local override; Severity: error
    @(148.7500 mm, 114.1000 mm): Pad 7 [3V3_GNSS] of U14 on F.Cu
    @(148.7500 mm, 115.2000 mm): Pad 8 [3V3_GNSS] of U14 on F.Cu

** Found 0 Footprint errors **

** End of Report **
